Traceback (most recent call last):
  File "/opt/hostedtoolcache/Python/3.11.15/x64/lib/python3.11/site-packages/jupyter_cache/executors/utils.py", line 58, in single_nb_execution
    executenb(
  File "/opt/hostedtoolcache/Python/3.11.15/x64/lib/python3.11/site-packages/nbclient/client.py", line 1323, in execute
    return NotebookClient(nb=nb, resources=resources, km=km, **kwargs).execute()
           ^^^^^^^^^^^^^^^^^^^^^^^^^^^^^^^^^^^^^^^^^^^^^^^^^^^^^^^^^^^^^^^^^^^^^
  File "/opt/hostedtoolcache/Python/3.11.15/x64/lib/python3.11/site-packages/jupyter_core/utils/__init__.py", line 165, in wrapped
    return loop.run_until_complete(inner)
           ^^^^^^^^^^^^^^^^^^^^^^^^^^^^^^
  File "/opt/hostedtoolcache/Python/3.11.15/x64/lib/python3.11/asyncio/base_events.py", line 654, in run_until_complete
    return future.result()
           ^^^^^^^^^^^^^^^
  File "/opt/hostedtoolcache/Python/3.11.15/x64/lib/python3.11/site-packages/nbclient/client.py", line 709, in async_execute
    await self.async_execute_cell(
  File "/opt/hostedtoolcache/Python/3.11.15/x64/lib/python3.11/site-packages/nbclient/client.py", line 1062, in async_execute_cell
    await self._check_raise_for_error(cell, cell_index, exec_reply)
  File "/opt/hostedtoolcache/Python/3.11.15/x64/lib/python3.11/site-packages/nbclient/client.py", line 918, in _check_raise_for_error
    raise CellExecutionError.from_cell_and_msg(cell, exec_reply_content)
nbclient.exceptions.CellExecutionError: An error occurred while executing the following cell:
------------------
%%time

loglikelihood = lambda x: -V(x)

hmc_parameters = dict(
    step_size=1e-4, inverse_mass_matrix=inv_mass_matrix, num_integration_steps=1
)

tempered = blackjax.adaptive_tempered_smc(
    prior_log_prob,
    loglikelihood,
    blackjax.hmc.build_kernel(),
    blackjax.hmc.init,
    extend_params(n_samples, hmc_parameters),
    resampling.systematic,
    0.5,
    num_mcmc_steps=1,
)

rng_key, init_key, sample_key = jax.random.split(rng_key, 3)
initial_smc_state = jax.random.multivariate_normal(
    init_key, jnp.zeros([1]), jnp.eye(1), (n_samples,)
)
initial_smc_state = tempered.init(initial_smc_state)

n_iter, smc_samples = smc_inference_loop(sample_key, tempered.step, initial_smc_state)
print("Number of steps in the adaptive algorithm: ", n_iter.item())
------------------

----- stdout -----
CPU times: user 19 μs, sys: 0 ns, total: 19 μs
Wall time: 22.2 μs
------------------

[31m---------------------------------------------------------------------------[39m
[31mTypeError[39m                                 Traceback (most recent call last)
[36mCell[39m[36m [39m[32mIn[12][39m[32m, line 1[39m
[32m----> [39m[32m1[39m get_ipython().run_cell_magic([33m'time'[39m, [33m''[39m, [33m'\nloglikelihood = lambda x: -V(x)\n\nhmc_parameters = dict(\n    step_size=1e-4, inverse_mass_matrix=inv_mass_matrix, num_integration_steps=1\n)\n\ntempered = blackjax.adaptive_tempered_smc(\n    prior_log_prob,\n    loglikelihood,\n    blackjax.hmc.build_kernel(),\n    blackjax.hmc.init,\n    extend_params(n_samples, hmc_parameters),\n    resampling.systematic,\n    0.5,\n    num_mcmc_steps=1,\n)\n\nrng_key, init_key, sample_key = jax.random.split(rng_key, 3)\ninitial_smc_state = jax.random.multivariate_normal(\n    init_key, jnp.zeros([1]), jnp.eye(1), (n_samples,)\n)\ninitial_smc_state = tempered.init(initial_smc_state)\n\nn_iter, smc_samples = smc_inference_loop(sample_key, tempered.step, initial_smc_state)\nprint("Number of steps in the adaptive algorithm: ", n_iter.item())\n'[39m)

[36mFile [39m[32m<timed exec>:12[39m

[31mTypeError[39m: extend_params() takes 1 positional argument but 2 were given

